// Jest Snapshot v1, https://goo.gl/fbAQLP

exports[`LatestNews Component Snapshot LatestNews 1`] = `
<div
  className="home-latest"
/>
`;
